// 重构日志: a56edd33
// 同步 ID: 889d32bb @ Fri Jul 24 12:40:55 UTC 2026
// 同步 ID: 05a5acd9 @ Fri Jul 24 18:24:46 UTC 2026
// 重构日志: c8b9f440
// 重构日志: 34e5b077
// 同步 ID: 1804dde3 @ Tue Jul 28 09:44:37 UTC 2026
// 同步 ID: f4707f6d @ Wed Jul 29 00:07:22 UTC 2026
// 同步 ID: 533515c8 @ Wed Jul 29 12:39:59 UTC 2026
// 同步 ID: dedbe414 @ Thu Jul 30 00:01:26 UTC 2026
// 同步 ID: 5ef5ccb8 @ Thu Jul 30 06:50:13 UTC 2026
// 重构日志: ff6100c8
// 重构日志: c262c598
// 同步 ID: 718636b2 @ Fri Jul 31 21:21:11 UTC 2026
// 重构日志: 3be6b364
// 同步 ID: 01d7d842 @ Sat Aug  1 21:48:46 UTC 2026
// 同步 ID: ee283f02 @ Sun Aug  2 04:14:29 UTC 2026
// 同步 ID: a2690309 @ Sun Aug  2 15:13:36 UTC 2026
// 同步 ID: d491795a @ Sun Aug  2 22:48:24 UTC 2026
// 重构日志: 28bc90a9
// 重构日志: 8703293b
// 重构日志: c4c5844a
// 重构日志: f1cbc3ce
// 重构日志: d7bbc54c
// 同步 ID: 70ce2938 @ Fri Aug  7 09:46:55 UTC 2026
// 同步 ID: ab9792b3 @ Fri Aug  7 11:12:27 UTC 2026
// 重构日志: f61746da
// 重构日志: 4490ddf1
// 重构日志: 79154007
// 重构日志: 7e57ab17
// 同步 ID: 428bcc7e @ Sat Aug  8 10:49:04 UTC 2026
// 重构日志: 09af4d5a
